{
  "version": "1.5.0",
  "plugins_used": [
    {
      "name": "ArtifactoryDetector"
    },
    {
      "name": "AWSKeyDetector"
    },
    {
      "name": "AzureStorageKeyDetector"
    },
    {
      "name": "Base64HighEntropyString",
      "limit": 4.5
    },
    {
      "name": "BasicAuthDetector"
    },
    {
      "name": "CloudantDetector"
    },
    {
      "name": "DiscordBotTokenDetector"
    },
    {
      "name": "GitHubTokenDetector"
    },
    {
      "name": "GitLabTokenDetector"
    },
    {
      "name": "HexHighEntropyString",
      "limit": 3.0
    },
    {
      "name": "IbmCloudIamDetector"
    },
    {
      "name": "IbmCosHmacDetector"
    },
    {
      "name": "IPPublicDetector"
    },
    {
      "name": "JwtTokenDetector"
    },
    {
      "name": "KeywordDetector",
      "keyword_exclude": ""
    },
    {
      "name": "MailchimpDetector"
    },
    {
      "name": "NpmDetector"
    },
    {
      "name": "OpenAIDetector"
    },
    {
      "name": "PrivateKeyDetector"
    },
    {
      "name": "PypiTokenDetector"
    },
    {
      "name": "SendGridDetector"
    },
    {
      "name": "SlackDetector"
    },
    {
      "name": "SoftlayerDetector"
    },
    {
      "name": "SquareOAuthDetector"
    },
    {
      "name": "StripeDetector"
    },
    {
      "name": "TelegramBotTokenDetector"
    },
    {
      "name": "TwilioKeyDetector"
    }
  ],
  "filters_used": [
    {
      "path": "detect_secrets.filters.allowlist.is_line_allowlisted"
    },
    {
      "path": "detect_secrets.filters.common.is_ignored_due_to_verification_policies",
      "min_level": 2
    },
    {
      "path": "detect_secrets.filters.heuristic.is_indirect_reference"
    },
    {
      "path": "detect_secrets.filters.heuristic.is_likely_id_string"
    },
    {
      "path": "detect_secrets.filters.heuristic.is_lock_file"
    },
    {
      "path": "detect_secrets.filters.heuristic.is_not_alphanumeric_string"
    },
    {
      "path": "detect_secrets.filters.heuristic.is_potential_uuid"
    },
    {
      "path": "detect_secrets.filters.heuristic.is_prefixed_with_dollar_sign"
    },
    {
      "path": "detect_secrets.filters.heuristic.is_sequential_string"
    },
    {
      "path": "detect_secrets.filters.heuristic.is_swagger_file"
    },
    {
      "path": "detect_secrets.filters.heuristic.is_templated_secret"
    },
    {
      "path": "detect_secrets.filters.regex.should_exclude_file",
      "pattern": [
        "tests/.*",
        ".*\\.md",
        ".*\\.json",
        ".*\\.yaml",
        ".*\\.yml"
      ]
    }
  ],
  "results": {
    ".env.example": [
      {
        "type": "Basic Auth Credentials",
        "filename": ".env.example",
        "hashed_secret": "ac684d0bb812307ef450dbe4faab91ff7dc04a33",
        "is_verified": false,
        "line_number": 136
      }
    ],
    "Makefile": [
      {
        "type": "Base64 High Entropy String",
        "filename": "Makefile",
        "hashed_secret": "baeab94a671844e336786fe3a0979a3c8431e1a8",
        "is_verified": false,
        "line_number": 720
      },
      {
        "type": "Base64 High Entropy String",
        "filename": "Makefile",
        "hashed_secret": "33a8f9803319f46de05f31d71f698ee26601d9db",
        "is_verified": false,
        "line_number": 721
      },
      {
        "type": "Base64 High Entropy String",
        "filename": "Makefile",
        "hashed_secret": "f1406505f7be9aac421a90fde620790dde89280e",
        "is_verified": false,
        "line_number": 726
      },
      {
        "type": "Base64 High Entropy String",
        "filename": "Makefile",
        "hashed_secret": "af1feba6f332504ca46824beb3d9ec2e739b4e8e",
        "is_verified": false,
        "line_number": 729
      },
      {
        "type": "Base64 High Entropy String",
        "filename": "Makefile",
        "hashed_secret": "44e04db74e990b114871c02dc26c7fe8bfb8853c",
        "is_verified": false,
        "line_number": 733
      },
      {
        "type": "Base64 High Entropy String",
        "filename": "Makefile",
        "hashed_secret": "f1106984c01ef8fb8345a297b40959be02bb4c17",
        "is_verified": false,
        "line_number": 737
      }
    ],
    "bin\\packer.toml": [
      {
        "type": "Hex High Entropy String",
        "filename": "bin\\packer.toml",
        "hashed_secret": "90bd1b48e958257948487b90bee080ba5ed00caa",
        "is_verified": false,
        "line_number": 43
      },
      {
        "type": "Secret Keyword",
        "filename": "bin\\packer.toml",
        "hashed_secret": "779f9e8e60730d1365067d63961de209b925b01a",
        "is_verified": false,
        "line_number": 1112
      }
    ],
    "configs\\dqs\\setup_dqs.sh": [
      {
        "type": "Secret Keyword",
        "filename": "configs\\dqs\\setup_dqs.sh",
        "hashed_secret": "ec5e39e928aa8d4e4cecccab453039e1d2407328",
        "is_verified": false,
        "line_number": 194
      }
    ],
    "configs\\packer\\packer.toml": [
      {
        "type": "Hex High Entropy String",
        "filename": "configs\\packer\\packer.toml",
        "hashed_secret": "90bd1b48e958257948487b90bee080ba5ed00caa",
        "is_verified": false,
        "line_number": 43
      },
      {
        "type": "Secret Keyword",
        "filename": "configs\\packer\\packer.toml",
        "hashed_secret": "779f9e8e60730d1365067d63961de209b925b01a",
        "is_verified": false,
        "line_number": 1112
      }
    ],
    "quick_docker_validation.sh": [
      {
        "type": "Secret Keyword",
        "filename": "quick_docker_validation.sh",
        "hashed_secret": "1ded3053d0363079a4e681a3b700435d6d880290",
        "is_verified": false,
        "line_number": 94
      }
    ],
    "simulate_all_builds.sh": [
      {
        "type": "Secret Keyword",
        "filename": "simulate_all_builds.sh",
        "hashed_secret": "d2786ca5b71da8d909d9d237ab7aa1acbc11d8d2",
        "is_verified": false,
        "line_number": 414
      }
    ],
    "src\\api_server.py": [
      {
        "type": "Secret Keyword",
        "filename": "src\\api_server.py",
        "hashed_secret": "c7562ac4e68e615b3efca2d9bc7c584cb79b62dc",
        "is_verified": false,
        "line_number": 2287
      }
    ],
    "src\\governance\\registry_api.py": [
      {
        "type": "Secret Keyword",
        "filename": "src\\governance\\registry_api.py",
        "hashed_secret": "7513b83bec9903915bac91b605dff5b4598e5da1",
        "is_verified": false,
        "line_number": 366
      }
    ],
    "src\\gvulcan\\config.py": [
      {
        "type": "Secret Keyword",
        "filename": "src\\gvulcan\\config.py",
        "hashed_secret": "665b1e3851eefefa3fb878654292f16597d25155",
        "is_verified": false,
        "line_number": 173
      }
    ],
    "src\\persistant_memory_v46\\tests\\test_store.py": [
      {
        "type": "Base64 High Entropy String",
        "filename": "src\\persistant_memory_v46\\tests\\test_store.py",
        "hashed_secret": "d70eab08607a4d05faa2d0d6647206599e9abc65",
        "is_verified": false,
        "line_number": 136
      },
      {
        "type": "Secret Keyword",
        "filename": "src\\persistant_memory_v46\\tests\\test_store.py",
        "hashed_secret": "d70eab08607a4d05faa2d0d6647206599e9abc65",
        "is_verified": false,
        "line_number": 136
      }
    ],
    "src\\platform\\auth.py": [
      {
        "type": "Secret Keyword",
        "filename": "src\\platform\\auth.py",
        "hashed_secret": "665b1e3851eefefa3fb878654292f16597d25155",
        "is_verified": false,
        "line_number": 38
      }
    ],
    "src\\setup_agent.py": [
      {
        "type": "Private Key",
        "filename": "src\\setup_agent.py",
        "hashed_secret": "1348b145fa1a555461c1b790a2f66614781091e9",
        "is_verified": false,
        "line_number": 209
      }
    ],
    "src\\unified_runtime\\ai_runtime_integration.py": [
      {
        "type": "Secret Keyword",
        "filename": "src\\unified_runtime\\ai_runtime_integration.py",
        "hashed_secret": "a8bee6dd2bbf5bf8303b391c191e2cf38515f4a8",
        "is_verified": false,
        "line_number": 1059
      }
    ],
    "src\\vulcan\\security_fixes.py": [
      {
        "type": "Secret Keyword",
        "filename": "src\\vulcan\\security_fixes.py",
        "hashed_secret": "9d2e9f53090e384565e377263750d73eb220ded1",
        "is_verified": false,
        "line_number": 420
      }
    ],
    "src\\vulcan\\tests\\test_api_gateway.py": [
      {
        "type": "Secret Keyword",
        "filename": "src\\vulcan\\tests\\test_api_gateway.py",
        "hashed_secret": "d1241c27d3e928074683aeed1c3dee5f68ab428b",
        "is_verified": false,
        "line_number": 941
      },
      {
        "type": "Secret Keyword",
        "filename": "src\\vulcan\\tests\\test_api_gateway.py",
        "hashed_secret": "206c80413b9a96c1312cc346b7d2517b84463edd",
        "is_verified": false,
        "line_number": 1032
      },
      {
        "type": "Secret Keyword",
        "filename": "src\\vulcan\\tests\\test_api_gateway.py",
        "hashed_secret": "f9994818d94fca1cc748acc2f346cba4263d2fd9",
        "is_verified": false,
        "line_number": 1684
      },
      {
        "type": "Secret Keyword",
        "filename": "src\\vulcan\\tests\\test_api_gateway.py",
        "hashed_secret": "c29c753db7640f314ac989bcf68bd25521fcef93",
        "is_verified": false,
        "line_number": 1694
      }
    ],
    "src\\vulcan\\tests\\test_config.py": [
      {
        "type": "Secret Keyword",
        "filename": "src\\vulcan\\tests\\test_config.py",
        "hashed_secret": "f2b14f68eb995facb3a1c35287b778d5bd785511",
        "is_verified": false,
        "line_number": 322
      },
      {
        "type": "Secret Keyword",
        "filename": "src\\vulcan\\tests\\test_config.py",
        "hashed_secret": "f3bbbd66a63d4bf1747940578ec3d0103530e21d",
        "is_verified": false,
        "line_number": 323
      }
    ],
    "src\\vulcan\\tests\\test_distillation.py": [
      {
        "type": "AWS Access Key",
        "filename": "src\\vulcan\\tests\\test_distillation.py",
        "hashed_secret": "25910f981e85ca04baf359199dd0bd4a3ae738b6",
        "is_verified": false,
        "line_number": 51
      },
      {
        "type": "GitHub Token",
        "filename": "src\\vulcan\\tests\\test_distillation.py",
        "hashed_secret": "e175c6f5f2a92e8623bd9a4820edb4e8c1b0fd10",
        "is_verified": false,
        "line_number": 62
      },
      {
        "type": "JSON Web Token",
        "filename": "src\\vulcan\\tests\\test_distillation.py",
        "hashed_secret": "34c659f4df06118f5bc39edc355b4542851ad3f6",
        "is_verified": false,
        "line_number": 76
      },
      {
        "type": "Base64 High Entropy String",
        "filename": "src\\vulcan\\tests\\test_distillation.py",
        "hashed_secret": "755f997eb6296e47fd6d145e1b541b9e98a4fab1",
        "is_verified": false,
        "line_number": 84
      },
      {
        "type": "Secret Keyword",
        "filename": "src\\vulcan\\tests\\test_distillation.py",
        "hashed_secret": "755f997eb6296e47fd6d145e1b541b9e98a4fab1",
        "is_verified": false,
        "line_number": 84
      }
    ],
    "test_docker_build.sh": [
      {
        "type": "Secret Keyword",
        "filename": "test_docker_build.sh",
        "hashed_secret": "cbfdac6008f9cab4083784cbd1874f76618d2a97",
        "is_verified": false,
        "line_number": 173
      },
      {
        "type": "Secret Keyword",
        "filename": "test_docker_build.sh",
        "hashed_secret": "a0f4ea7d91495df92bbac2e2149dfb850fe81396",
        "is_verified": false,
        "line_number": 181
      }
    ],
    "test_full_cicd.sh": [
      {
        "type": "Secret Keyword",
        "filename": "test_full_cicd.sh",
        "hashed_secret": "829c3804401b0727f70f73d4415e162400cbe57b",
        "is_verified": false,
        "line_number": 208
      }
    ],
    "tests\\conftest.py": [
      {
        "type": "Secret Keyword",
        "filename": "tests\\conftest.py",
        "hashed_secret": "5ffe533b830f08a0326348a9160afafc8ada44db",
        "is_verified": false,
        "line_number": 101
      }
    ],
    "tests\\test_agent_interface.py": [
      {
        "type": "Secret Keyword",
        "filename": "tests\\test_agent_interface.py",
        "hashed_secret": "00942f4668670f34c5943cf52c7ef3139fe2b8d6",
        "is_verified": false,
        "line_number": 233
      }
    ],
    "tests\\test_agent_registry.py": [
      {
        "type": "Private Key",
        "filename": "tests\\test_agent_registry.py",
        "hashed_secret": "1348b145fa1a555461c1b790a2f66614781091e9",
        "is_verified": false,
        "line_number": 173
      },
      {
        "type": "Secret Keyword",
        "filename": "tests\\test_agent_registry.py",
        "hashed_secret": "3a7c788fd3328060fb6ef010383c75fbdeff4177",
        "is_verified": false,
        "line_number": 220
      },
      {
        "type": "Secret Keyword",
        "filename": "tests\\test_agent_registry.py",
        "hashed_secret": "b5bc013af872265e389b3abee36dd4932a206ab8",
        "is_verified": false,
        "line_number": 230
      },
      {
        "type": "Secret Keyword",
        "filename": "tests\\test_agent_registry.py",
        "hashed_secret": "e8662cfb96bd9c7fe84c31d76819ec3a92c80e63",
        "is_verified": false,
        "line_number": 231
      }
    ],
    "tests\\test_ai_providers.py": [
      {
        "type": "Secret Keyword",
        "filename": "tests\\test_ai_providers.py",
        "hashed_secret": "767ef7376d44bb6e52b390ddcd12c1cb1b3902a4",
        "is_verified": false,
        "line_number": 262
      }
    ],
    "tests\\test_ai_runtime_integration.py": [
      {
        "type": "Secret Keyword",
        "filename": "tests\\test_ai_runtime_integration.py",
        "hashed_secret": "7edf88732317da34dbedf5fe2046257bba962b0f",
        "is_verified": false,
        "line_number": 253
      },
      {
        "type": "Secret Keyword",
        "filename": "tests\\test_ai_runtime_integration.py",
        "hashed_secret": "206f79d29e0f8e53121038737e587d51ef495634",
        "is_verified": false,
        "line_number": 383
      },
      {
        "type": "Secret Keyword",
        "filename": "tests\\test_ai_runtime_integration.py",
        "hashed_secret": "c2f7a9c68c4e7573a8044c5440330d785e06eda1",
        "is_verified": false,
        "line_number": 452
      }
    ],
    "tests\\test_audit_protocol.py": [
      {
        "type": "Secret Keyword",
        "filename": "tests\\test_audit_protocol.py",
        "hashed_secret": "f3bbbd66a63d4bf1747940578ec3d0103530e21d",
        "is_verified": false,
        "line_number": 37
      }
    ],
    "tests\\test_cicd_reproducibility.py": [
      {
        "type": "Secret Keyword",
        "filename": "tests\\test_cicd_reproducibility.py",
        "hashed_secret": "829c3804401b0727f70f73d4415e162400cbe57b",
        "is_verified": false,
        "line_number": 181
      }
    ],
    "tests\\test_cli_client.py": [
      {
        "type": "Secret Keyword",
        "filename": "tests\\test_cli_client.py",
        "hashed_secret": "ed65c049bb2f78ee4f703b2158ba9cc6ea31fb7e",
        "is_verified": false,
        "line_number": 61
      },
      {
        "type": "Secret Keyword",
        "filename": "tests\\test_cli_client.py",
        "hashed_secret": "37a33aa9f99af2286aa1e85cc4d03e9a3fd732a8",
        "is_verified": false,
        "line_number": 96
      }
    ],
    "tests\\test_cli_config.py": [
      {
        "type": "Secret Keyword",
        "filename": "tests\\test_cli_config.py",
        "hashed_secret": "ed65c049bb2f78ee4f703b2158ba9cc6ea31fb7e",
        "is_verified": false,
        "line_number": 33
      },
      {
        "type": "Secret Keyword",
        "filename": "tests\\test_cli_config.py",
        "hashed_secret": "6f6adbb74345b42924c83aa2f450ce239d45cb26",
        "is_verified": false,
        "line_number": 44
      },
      {
        "type": "Secret Keyword",
        "filename": "tests\\test_cli_config.py",
        "hashed_secret": "bea2f7b64fab8d1d414d0449530b1e088d36d5b1",
        "is_verified": false,
        "line_number": 49
      },
      {
        "type": "Secret Keyword",
        "filename": "tests\\test_cli_config.py",
        "hashed_secret": "7f3df2bd4f89ce5969859303fad7e6d82cef1b22",
        "is_verified": false,
        "line_number": 67
      },
      {
        "type": "Secret Keyword",
        "filename": "tests\\test_cli_config.py",
        "hashed_secret": "ae3422b2863eb3f39d4d9f0265ffcfe353ce3ca0",
        "is_verified": false,
        "line_number": 115
      },
      {
        "type": "Secret Keyword",
        "filename": "tests\\test_cli_config.py",
        "hashed_secret": "80ddcbaddc153d0ceea8e1d0e3e24f62bb626cfc",
        "is_verified": false,
        "line_number": 171
      },
      {
        "type": "Secret Keyword",
        "filename": "tests\\test_cli_config.py",
        "hashed_secret": "3acfb2c2b433c0ea7ff107e33df91b18e52f960f",
        "is_verified": false,
        "line_number": 201
      },
      {
        "type": "Secret Keyword",
        "filename": "tests\\test_cli_config.py",
        "hashed_secret": "0de108f899ffcc952096a5bc84bd715fe97b34d1",
        "is_verified": false,
        "line_number": 221
      }
    ],
    "tests\\test_graphix_client.py": [
      {
        "type": "Secret Keyword",
        "filename": "tests\\test_graphix_client.py",
        "hashed_secret": "ed65c049bb2f78ee4f703b2158ba9cc6ea31fb7e",
        "is_verified": false,
        "line_number": 182
      },
      {
        "type": "Secret Keyword",
        "filename": "tests\\test_graphix_client.py",
        "hashed_secret": "2fd810160c5102664155370799690505086e1ba4",
        "is_verified": false,
        "line_number": 186
      }
    ],
    "tests\\test_hardware_dispatcher.py": [
      {
        "type": "Secret Keyword",
        "filename": "tests\\test_hardware_dispatcher.py",
        "hashed_secret": "00942f4668670f34c5943cf52c7ef3139fe2b8d6",
        "is_verified": false,
        "line_number": 161
      },
      {
        "type": "Secret Keyword",
        "filename": "tests\\test_hardware_dispatcher.py",
        "hashed_secret": "030ea496be6006c04ab2ca75efc83040cf0cb5ec",
        "is_verified": false,
        "line_number": 162
      }
    ],
    "tests\\test_no_hardcoded_secrets.py": [
      {
        "type": "Secret Keyword",
        "filename": "tests\\test_no_hardcoded_secrets.py",
        "hashed_secret": "a8bee6dd2bbf5bf8303b391c191e2cf38515f4a8",
        "is_verified": false,
        "line_number": 22
      }
    ],
    "tests\\test_setup_agent.py": [
      {
        "type": "Secret Keyword",
        "filename": "tests\\test_setup_agent.py",
        "hashed_secret": "ecb10ee51f6941f121569dbecc08637de0247756",
        "is_verified": false,
        "line_number": 151
      },
      {
        "type": "Private Key",
        "filename": "tests\\test_setup_agent.py",
        "hashed_secret": "1348b145fa1a555461c1b790a2f66614781091e9",
        "is_verified": false,
        "line_number": 165
      }
    ],
    "tests\\test_unified_key_manager.py": [
      {
        "type": "Private Key",
        "filename": "tests\\test_unified_key_manager.py",
        "hashed_secret": "1348b145fa1a555461c1b790a2f66614781091e9",
        "is_verified": false,
        "line_number": 111
      }
    ],
    "tests\\test_url_validator.py": [
      {
        "type": "Basic Auth Credentials",
        "filename": "tests\\test_url_validator.py",
        "hashed_secret": "9d4e1e23bd5b727046a9e3b4b7db57bd8d6ee684",
        "is_verified": false,
        "line_number": 114
      }
    ],
    "tests\\test_vulcan_reasoning_output.py": [
      {
        "type": "Hex High Entropy String",
        "filename": "tests\\test_vulcan_reasoning_output.py",
        "hashed_secret": "0091061a3babbe6f11d48aa0142e22341b3ea446",
        "is_verified": false,
        "line_number": 468
      }
    ],
    "validate_cicd_docker.sh": [
      {
        "type": "Secret Keyword",
        "filename": "validate_cicd_docker.sh",
        "hashed_secret": "f32b67c7e26342af42efabc674d441dca0a281c5",
        "is_verified": false,
        "line_number": 328
      }
    ]
  },
  "generated_at": "2026-04-05T21:26:03Z"
}
